2024-08-16 11:20:40.317+0000 INFO  Starting...
2024-08-16 11:20:41.125+0000 INFO  This instance is ServerId{c9534e0c} (c9534e0c-ef6a-45a2-b3dd-96175cbccc3a)
2024-08-16 11:20:41.813+0000 INFO  ======== Neo4j 5.9.0 ========
2024-08-16 11:20:43.822+0000 INFO  Bolt enabled on 0.0.0.0:7687.
2024-08-16 11:20:44.602+0000 INFO  Remote interface available at http://localhost:7474/
2024-08-16 11:20:44.606+0000 INFO  id: FD9F2F89A02199A0A9EBB4A60B8A9F59E7FF344C4EF02E9931DA2D4D15F27FFA
2024-08-16 11:20:44.606+0000 INFO  name: system
2024-08-16 11:20:44.606+0000 INFO  creationDate: 2024-08-16T11:20:42.513Z
2024-08-16 11:20:44.606+0000 INFO  Started.
2024-08-16 11:28:10.387+0000 INFO  Neo4j Server shutdown initiated by request
2024-08-16 11:28:10.388+0000 INFO  Stopping...
2024-08-16 11:28:15.494+0000 INFO  Stopped.
2024-08-30 14:51:17.143+0000 INFO  Starting...
2024-08-30 14:51:18.576+0000 INFO  This instance is ServerId{c9534e0c} (c9534e0c-ef6a-45a2-b3dd-96175cbccc3a)
2024-08-30 14:51:20.441+0000 INFO  ======== Neo4j 5.9.0 ========
2024-08-30 14:51:22.425+0000 INFO  Bolt enabled on 0.0.0.0:7687.
2024-08-30 14:51:23.588+0000 INFO  Remote interface available at http://localhost:7474/
2024-08-30 14:51:23.592+0000 INFO  id: FD9F2F89A02199A0A9EBB4A60B8A9F59E7FF344C4EF02E9931DA2D4D15F27FFA
2024-08-30 14:51:23.592+0000 INFO  name: system
2024-08-30 14:51:23.592+0000 INFO  creationDate: 2024-08-16T11:20:42.513Z
2024-08-30 14:51:23.593+0000 INFO  Started.
2024-08-30 14:57:49.194+0000 INFO  Neo4j Server shutdown initiated by request
2024-08-30 14:57:49.195+0000 INFO  Stopping...
2024-08-30 14:57:54.427+0000 INFO  Stopped.
2024-08-30 14:59:53.165+0000 INFO  Starting...
2024-08-30 14:59:54.362+0000 INFO  This instance is ServerId{c9534e0c} (c9534e0c-ef6a-45a2-b3dd-96175cbccc3a)
2024-08-30 14:59:56.099+0000 INFO  ======== Neo4j 5.9.0 ========
2024-08-30 14:59:58.004+0000 INFO  Bolt enabled on 0.0.0.0:7687.
2024-08-30 14:59:59.263+0000 INFO  Remote interface available at http://localhost:7474/
2024-08-30 14:59:59.266+0000 INFO  id: FD9F2F89A02199A0A9EBB4A60B8A9F59E7FF344C4EF02E9931DA2D4D15F27FFA
2024-08-30 14:59:59.267+0000 INFO  name: system
2024-08-30 14:59:59.267+0000 INFO  creationDate: 2024-08-16T11:20:42.513Z
2024-08-30 14:59:59.267+0000 INFO  Started.
2024-08-30 15:45:13.139+0000 INFO  Neo4j Server shutdown initiated by request
2024-08-30 15:45:13.139+0000 INFO  Stopping...
2024-08-30 15:45:18.305+0000 INFO  Stopped.
2024-08-30 15:45:28.747+0000 INFO  Starting...
2024-08-30 15:45:29.532+0000 INFO  This instance is ServerId{c9534e0c} (c9534e0c-ef6a-45a2-b3dd-96175cbccc3a)
2024-08-30 15:45:30.195+0000 INFO  ======== Neo4j 5.9.0 ========
2024-08-30 15:45:31.406+0000 INFO  Bolt enabled on 0.0.0.0:7687.
2024-08-30 15:45:32.043+0000 INFO  Remote interface available at http://localhost:7474/
2024-08-30 15:45:32.047+0000 INFO  id: FD9F2F89A02199A0A9EBB4A60B8A9F59E7FF344C4EF02E9931DA2D4D15F27FFA
2024-08-30 15:45:32.047+0000 INFO  name: system
2024-08-30 15:45:32.048+0000 INFO  creationDate: 2024-08-16T11:20:42.513Z
2024-08-30 15:45:32.048+0000 INFO  Started.
2024-08-30 15:46:43.864+0000 INFO  Neo4j Server shutdown initiated by request
2024-08-30 15:46:43.865+0000 INFO  Stopping...
2024-08-30 15:46:49.026+0000 INFO  Stopped.
